{"name":"package-name","description":"description","require":{"r1":"^2.0","r3":"^1.0","r2":"^3.0"},"require-dev":{},"scripts":{"cs-fix":"./php-cs-fixer","test":"./phpunit","extra":"extra"}}
