["template-sync.template.json",".github/template-sync.template.json","composer.json"]
